DELETE /activity/{id}
DELETE /api/v1/service-tokens/{id}
DELETE /institutions/account
DELETE /institutions/delete/{id}
DELETE /oauth/{provider}/grant
DELETE /permissions/revoke/{perm_id}/{role_id}
DELETE /roles/revoke/{user_id}/{role_id}
DELETE /streaks/milestone/{id}
GET /accounts/all
GET /accounts/fanout
GET /accounts/me
GET /accounts/search/email
GET /accounts/search/name
GET /accounts/search/username
GET /activity/active
GET /activity/all
GET /activity/inactive
GET /api/v1/admin/service-tokens
GET /api/v1/service-tokens
GET /api/v1/service-tokens/stats
GET /api/v1/service-tokens/{id}
GET /devices/mine
GET /docs/
GET /institutions/accounts
GET /institutions/accounts/fanout
GET /institutions/all
GET /institutions/fanout
GET /institutions/find/{id}
GET /institutions/for-account
GET /institutions/search
GET /leaderboard/global
GET /leaderboard/global/{user}
GET /oauth/grants
GET /oauth/scopes
GET /oauth/{provider}/callback
GET /permissions
GET /permissions/assign/{perm_id}/{role_id}
GET /permissions/user/{id}
GET /permissions/{id}
GET /ping
GET /roles
GET /roles/assign/{user_id}/{role_id}
GET /roles/permissions/{id}
GET /roles/user/{id}
GET /roles/{id}
GET /socials/me
GET /socials/user/{user_id}
GET /streaks/milestone/active
GET /users/activity/completions/for-user/{id}
PATCH /accounts/me
PATCH /accounts/me/phone
PATCH /activity/{id}
PATCH /institutions/update/{id}
PATCH /permissions/{id}
PATCH /roles/{id}
POST /accounts/bot/create
POST /accounts/deletion-request
POST /accounts/recovery
POST /activity/add
POST /api/v1/admin/service-tokens/cleanup
POST /api/v1/service-tokens
POST /api/v1/service-tokens/{id}/rotate
POST /institutions/account
POST /institutions/register
POST /oauth/{provider}/authorize
POST /oauth/{provider}/reconcile
POST /oauth/{provider}/token
POST /permissions/create
POST /roles/create
POST /streaks/milestone/create
POST /users/activity/complete
PUT /api/v1/service-tokens/{id}
